// Jest Snapshot v1, https://goo.gl/fbAQLP

exports[`Piano render should render component 1`] = `
Array [
  <form
    className="device-selection"
  >
    <label>
      <select
        onChange={[Function]}
      >
        <option
          value="-1"
        >
          Choose device
        </option>
        <option
          value="fake-name"
        >
          fake-manufacturer fake-name
        </option>
        <option
          value="fake-name"
        >
          fake-manufacturer fake-name
        </option>
      </select>
    </label>
  </form>,
  <form
    className="octave-selector"
  >
    <label>
      <select
        onChange={[Function]}
        value={2}
      >
        <option
          value={2}
        >
          25-key keyboard
        </option>
        <option
          value={4}
        >
          49-key keyboard
        </option>
        <option
          value={5}
        >
          61-key keyboard
        </option>
        <option
          value={6}
        >
          76-key keyboard
        </option>
        <option
          value={7}
        >
          88-key keyboard
        </option>
      </select>
    </label>
  </form>,
  <div
    className="piano"
  >
    <ul
      className="octave-3"
    >
      <li
        className="C_3"
        onClick={[Function]}
      />
      <li
        className="Db_3"
        onClick={[Function]}
      />
      <li
        className="D_3"
        onClick={[Function]}
      />
      <li
        className="Eb_3"
        onClick={[Function]}
      />
      <li
        className="E_3"
        onClick={[Function]}
      />
      <li
        className="F_3"
        onClick={[Function]}
      />
      <li
        className="Gb_3"
        onClick={[Function]}
      />
      <li
        className="G_3"
        onClick={[Function]}
      />
      <li
        className="Ab_3"
        onClick={[Function]}
      />
      <li
        className="A_3"
        onClick={[Function]}
      />
      <li
        className="Bb_3"
        onClick={[Function]}
      />
      <li
        className="B_3"
        onClick={[Function]}
      />
    </ul>
    <ul
      className="octave-4"
    >
      <li
        className="C_4"
        onClick={[Function]}
      />
      <li
        className="Db_4"
        onClick={[Function]}
      />
      <li
        className="D_4"
        onClick={[Function]}
      />
      <li
        className="Eb_4"
        onClick={[Function]}
      />
      <li
        className="E_4"
        onClick={[Function]}
      />
      <li
        className="F_4"
        onClick={[Function]}
      />
      <li
        className="Gb_4"
        onClick={[Function]}
      />
      <li
        className="G_4"
        onClick={[Function]}
      />
      <li
        className="Ab_4"
        onClick={[Function]}
      />
      <li
        className="A_4"
        onClick={[Function]}
      />
      <li
        className="Bb_4"
        onClick={[Function]}
      />
      <li
        className="B_4"
        onClick={[Function]}
      />
    </ul>
  </div>,
]
`;
